2026-09-10T15:09:14.073355+00:00

> create-yss-spec@3.3.4 test:unit /Users/zhudaoming/Projects/yss-spec-project-template/submodules/create-yss-spec
> node --test tests/*planner*.test.js tests/filesystem-*.test.js tests/validation-modules.test.js tests/doctor-checks.test.js tests/ownership-policy.test.js tests/lifecycle-policy.test.js tests/lifecycle-metadata.test.js tests/verification-runtime.test.js tests/cli-modules.test.js tests/cli-entrypoint.test.js tests/self-update.test.js tests/plan-schema.test.js tests/contracts.test.js tests/error-output.test.js tests/apply-result-contract.test.js tests/programmatic-api-unit.test.js

✔ Apply Result v1 validates representative templateApply output (44.067ms)
✔ Apply Result v1 rejects negative counters (13.46575ms)
✔ classifyAttachOperations preserves attach classification semantics (2.133792ms)
✔ createAttachPlan exposes forceable managed conflicts and hard blockers (1.44125ms)
✔ managed attach conflicts alone are not hard blockers (0.144166ms)
✔ modular CLI entry exposes runCli (0.541416ms)
✔ legacy src/cli.js is only a compatibility bridge (0.132041ms)
✔ command modules expose stable execution seams (0.288ms)
✔ parseArgs preserves existing option mapping (0.848791ms)
✔ parseArgs accepts plan and json flags (0.120041ms)
✔ parseArgs rejects missing values and unsupported flags (9.857333ms)
✔ interactive option normalization preserves legacy defaults (0.093125ms)
✔ resolveCommand keeps global help/version precedence (0.154625ms)
✔ resolveCommand classifies supported commands and defaults to init (0.165458ms)
✔ help and version rendering are pure text functions (0.6525ms)
✔ renderPlanText renders a stable human planning summary (0.283292ms)
✔ Plan Schema v1 compiles and validates normalized plan output (51.780084ms)
✔ Plan Schema v1 rejects malformed plan output (14.582875ms)
✔ Error Envelope v1 compiles and validates normalized CLI errors (7.906459ms)
✔ Error Envelope v1 rejects unstable error codes (6.64025ms)
✔ Ownership Policy v1 compiles and validates repository policy (6.633709ms)
✔ Customization Policy v1 compiles and validates repository policy (5.635375ms)
✔ Generator Policy v1 compiles and validates repository policy (6.026167ms)
✔ Doctor Report v1 compiles and validates representative output (6.0965ms)
✔ Doctor Report v1 rejects unknown check status (5.587875ms)
✔ managed baseline reports matched and modified files without mutating them (4.709959ms)
✔ managed baseline ignores legacy README ownership records (0.412917ms)
✔ managed baseline fails closed on malformed records (0.161834ms)
✔ ownership metadata decorator persists policy baseline and per-file ownership (0.284667ms)
✔ doctor ownership check distinguishes missing, drift and matched baseline (0.195125ms)
✔ doctor lifecycle checks distinguish missing, drift and matched baselines (0.3165ms)
✔ verifier check records success and failure as structured doctor checks (87.015791ms)
✔ git-required verifier is skipped as warning outside Git worktree (0.713709ms)
✔ error classifier exposes stable machine codes (3.350917ms)
✔ explicit YSS error code takes precedence (0.098208ms)
✔ normalizeError and serializeError return Error Envelope v1 (0.528ms)
✔ CLI --json failures remain parseable and exit non-zero (76.565ms)
✔ applyMigrationOperations applies move and remove through transaction (14.40875ms)
✔ applyManagedOperation supports render and copy (1.023333ms)
✔ apply services fail closed on unknown operation kinds (0.672834ms)
✔ targetPath rejects traversal outside target root (4.936042ms)
✔ targetPath rejects an intermediate symlink (0.768584ms)
✔ targetPath rejects a non-directory parent (1.010125ms)
✔ runInTransaction prepares, executes and finishes (0.698375ms)
✔ runInTransaction rolls back and preserves legacy error contract (0.248667ms)
✔ runInTransaction reports rollback failure (0.090041ms)
✔ FileTransaction rollback restores backups and removes new mutations (6.25325ms)
✔ FileTransaction prepare collapses child backups under an existing parent backup (5.411167ms)
✔ FileTransaction finish removes empty backup root and preserves non-empty backup root (3.732917ms)
✔ FileTransaction move is reversible after prepare (1.478791ms)
✔ metadata lifecycle decorator persists merge and generator baselines (0.885ms)
✔ lifecycle policy drift distinguishes missing, matched and drift (0.300333ms)
✔ sync manual customization conflict is never forceable (0.47975ms)
✔ sync replace-with-force customization remains forceable (1.828834ms)
✔ attach manual customization conflict is never forceable (0.154083ms)
✔ generated lifecycle fields are exposed in machine plan (0.731667ms)
✔ customization policy resolves manual and force strategies (0.548583ms)
✔ generator policy resolves stable generator identity and version (0.3935ms)
✔ lifecycle runtime annotates customizable and generated operations (0.198542ms)
✔ migration plan starts empty and unblocked (0.641584ms)
✔ unsafe and conflict items block migration (0.100292ms)
✔ migration operations preserve existing action semantics (0.219083ms)
✔ migration summary is machine-readable (0.065584ms)
✔ ownership policy v1 exposes the five supported ownership types (0.610584ms)
✔ ownership patterns support exact, single-level and recursive prefix matching (0.09225ms)
✔ repository ownership policy resolves representative paths (0.185125ms)
✔ invalid ownership policies fail closed (0.186458ms)
✔ write-protected ownership produces explicit blockers (0.142541ms)
✔ ownership runtime annotates operations and Plan output (0.283875ms)
✔ normalizePlan applies a stable v1 envelope (1.050958ms)
✔ serializePlan emits newline-terminated JSON (0.173583ms)
✔ normalizePlan rejects invalid plans (0.213ms)
✔ programmatic API exposes stable v1 surface (0.393459ms)
✔ programmatic API normalizes thrown errors with Error Envelope v1 (0.211625ms)
✔ compareSemver compares major.minor.patch and ignores prerelease suffix (0.679ms)
✔ parseUpdateArgs accepts dry-run and force and rejects unknown flags (0.368917ms)
✔ detectInstallKind identifies npx, source, global, and local installs (1.380417ms)
✔ already latest version does not install (0.3675ms)
✔ newer version on a global install runs npm install -g (0.864542ms)
✔ newer version on a local install runs npm install in the project root (0.43575ms)
✔ dry-run previews the install command without installing (0.232042ms)
✔ force reinstalls when the version is already latest (0.163875ms)
✔ does not downgrade when current version is newer than latest (0.295083ms)
✔ source checkout and npx report advice without installing (0.385167ms)
✔ npm view failure is fail closed and does not install (0.154167ms)
✔ npm install failure is fail closed (0.163791ms)
✔ update and upgrade aliases check npm and do not overwrite the source tree (193.1475ms)
✔ update unknown flags still fail closed (35.737208ms)
✔ runtime adapter composes metadata, IO probes and ownership-aware plan envelope (1.155333ms)
✔ runtime adapter propagates external unsafe state into blocked plan (0.22925ms)
✔ ownership policy blocks user-owned desired operations even when path probes allow them (0.191584ms)
✔ classifySyncOperations preserves sync classification semantics (0.813541ms)
✔ existing unmanaged baseline gap is conflict but not forceable (0.127208ms)
✔ createSyncPlan produces a machine-readable plan envelope (0.293916ms)
✔ createSyncPlan exposes unsafe and migration conflicts as blockers (0.103875ms)
✔ parseGitmodules preserves submodule path and url (0.758625ms)
✔ security policy keeps gitlink violations non-forceable (0.169708ms)
✔ snapshot validation rejects floating or unsafe metadata (0.303375ms)
✔ metadata validation keeps schema, ownership and immutable commit contracts (0.661625ms)
✔ identity validation is strict and conversion is explicit (0.372292ms)
✔ verification subprocesses do not inherit node test-runner context (0.5045ms)
ℹ tests 101
ℹ suites 0
ℹ pass 101
ℹ fail 0
ℹ cancelled 0
ℹ skipped 0
ℹ todo 0
ℹ duration_ms 419.849084

exit_code: 0
